//256 models/infected/hulk/tank_normal
//256 models/v_models/infected/v_boomer_hands
//256 models/survivors/coach/coach_head_normal
//256 models/survivors/gambler/gambler_head_normal
//256 models/survivors/mechanic/mechanic_head_normal
//256 models/survivors/producer/producer_head_normal
//256 models/infected/boomer/boomer_normal
//256 models/infected/boomer/boomette_normal
256 models/infected/charger/charger_normal
256 models/infected/hunter/hunter_normal
256 models/infected/jockey/jockey_body_normal
256 models/infected/smoker/smoker_normal
256 models/infected/spitter/spitter_normal
256 models/infected/witch/witch_normal
256 particle/fire_particle_4/fire_particle_4
256 models/v_models/weapons/eq_bile_flask/v_bile_flask_cap
256 models/v_models/weapons/eq_adrenaline/adrenaline_shot
256 models/v_models/weapons/deserteagle/deserteagle
256 models/weapons/melee/4melee_weapons_normal
256 models/v_models/weapons/eq_molotov/v_eq_molotov_bottle_normal
256 models/props_equipment/oxygentank01
256 models/props_urban/flood_light001_on
256 metal/metal_corrugated04a
256 glass/hotel_glass001
256 glass/urban_glass_03
256 models/props_vehicles/4carz1024_glass
256 overlays/street_cover_10
256 particle/particle_flares/particle_flare_002
256 overlays/trash_01
256 decals/trash_00
256 models/infected/common/body_wounds/combined_gib_normal
256 models/props_junk/explosive_box001
256 models/props_urban/plastic_table_set001
